0: x = x + x + x
2: 0 = 0 + 0 + 0
4: 9 = 2 + 7 + 0
6: a = 2 + 7 + 1
8: d = 9 + 3 + 1
10: 12 = f + 3 + 0
