0: {x,x} = x + x + x
2: {0,0} = 0 + 0 + 0
4: {0,1} = 0 + 0 + 1
6: {0,1} = 0 + 1 + 0
8: {1,0} = 0 + 1 + 1
10: {0,1} = 1 + 0 + 0
12: {1,0} = 1 + 0 + 1
14: {1,0} = 1 + 1 + 0
16: {1,1} = 1 + 1 + 1
