q=f1
q=ef
q=de
q=cd
q=bc
q=ab
q=9a
q=89
q=78
q=67
q=56
q=45
q=34
q=23
q=12
i= 0  a=00000000000000ff
i= 4  a=0000000000000ff0
i= 8  a=000000000000ff00
i=12  a=00000000000ff000
i=16  a=0000000000ff0000
i=20  a=000000000ff00000
i=24  a=00000000ff000000
i=28  a=0000000ff0000000
i=32  a=000000ff00000000
i=36  a=00000ff000000000
i=40  a=0000ff0000000000
i=44  a=000ff00000000000
i=48  a=00ff000000000000
i=52  a=0ff0000000000000
i=56  a=ff00000000000000
  ----   
q=f1
q=ef
q=de
q=cd
q=bc
q=ab
q=9a
q=89
q=78
q=67
q=56
q=45
q=34
q=23
q=12
i= 0  b=00000000000000ff
i= 4  b=0000000000000ff0
i= 8  b=000000000000ff00
i=12  b=00000000000ff000
i=16  b=0000000000ff0000
i=20  b=000000000ff00000
i=24  b=00000000ff000000
i=28  b=0000000ff0000000
i=32  b=000000ff00000000
i=36  b=00000ff000000000
i=40  b=0000ff0000000000
i=44  b=000ff00000000000
i=48  b=00ff000000000000
i=52  b=0ff0000000000000
i=56  b=ff00000000000000
  ----   
q=f1
q=ef
q=de
q=cd
q=bc
q=ab
q=9a
q=89
q=78
q=67
q=56
q=45
q=34
q=23
i= 0  c=00000000000000ff
i= 4  c=0000000000000ff0
i= 8  c=000000000000ff00
i=12  c=00000000000ff000
i=16  c=0000000000ff0000
i=20  c=000000000ff00000
i=24  c=00000000ff000000
i=28  c=0000000ff0000000
i=32  c=000000ff00000000
i=36  c=00000ff000000000
i=40  c=0000ff0000000000
i=44  c=000ff00000000000
i=48  c=00ff000000000000
i=52  c=0ff0000000000000
