b1=xxxxxxxxxxxxxxxx
b2=0000000000000000
b3=0000ff0000000000
b4=0000000000000000
b5=000ff00000000000
