writting 0
read 0
writting 1
read 1
writting 2
read 2
writting 3
read 3
writting 4
read 4
writting 5
read 5
writting 6
read 6
writting 7
read 7
writting 8
read 8
writting 9
read 9
