a0=[42]
a1=[4800240012]
a2=[1200120012]
a3=[480090012]
a4=[414243]
a5=[10421043]
a6=[410000004200000043]
b1=[4800240012]
b2=[1200120012]
b3=[480090012]
