32'd1652763623
1652763623
64'd1652762343623232
1652762343623232
96'd1652762343623231827368712362
192'd98723498232342349823741652762343623231827368712362
128'h62832be7
