<"errors.v", 7> Undefined task '$displa'.
<"errors.v", 8> Undefined variable 'qq'.
Total of 2 errors in input file(s).
