f=2
hello worldRuntime Error at 0: Write to closed descriptor.

Runtime Error at 0: Write to closed descriptor.
x=0
x=1
3: monitored x = 0
6: monitored x = 1
8: monitored x = 0
