starting Fibonacci
m[0] = 1
m[1] = 1
m[2] = 2
m[3] = 3
m[4] = 5
m[5] = 8
m[6] = 13
m[7] = 21
m[8] = 34
m[9] = 55
m[10] = 89
m[11] = 144
m[12] = 233
m[13] = 377
m[14] = 610
m[15] = 987
m[16] = 1597
m[17] = 2584
m[18] = 4181
m[19] = 6765
