0	0 0 z
1	0 0 z
10	0 1 z
20	1 0 z
30	1 1 z
31	1 1 0
