0	x, x, c: z x x x z z z x x x z z
1	1, 0, c: z 0 0 0 z z z 0 0 0 z z
2	1, 0, c: x 0 0 0 z z z 0 0 0 z z
3	1, 0, c: 0 0 0 0 x x z 0 0 0 z z
4	1, 0, c: 0 0 0 0 0 0 x 0 0 0 z z
5	1, 0, c: 0 0 0 0 0 0 0 0 0 0 x x
6	1, 0, c: 0 0 0 0 0 0 0 0 0 0 0 0
