FOO-A-1 was included. [ok]
BAR-A-1 was included. [ok]
ARG-B-2 was included. [ok]
BAR-B-3 was included. [ok]
FOO-B-2 was included. [ok]
FOO-C-1 was included. [ok]
FOO-D-1 was included. [ok]
BAR-D-1 was included. [ok]
BAR-E-1 was included. [ok]
FOO-F-1 was included. [ok]
else-G-1 was included. [ok]
FOO-H-1 was included. [ok]
BAR-H-1 was included. [ok]
FOO-H-2 was included. [ok]
FOO=1234  r=4'h5
