0: m[3]=8'h92 w=8'hz
0: w changed to 8'hx
0: w changed to 8'h92
1: m[3]=8'h92 w=8'h92
2: m[3]=8'h7 w=8'h92
2: w changed to 8'h7
3: m[3]=8'h37 w=8'h7
3: w changed to 8'h37
4: m[3]=8'h37 w=8'h37
5: m[3]=8'h37 w=8'h37
6: m[3]=8'h37 w=8'h37
6: w changed to 8'h99
7: m[3]=8'h99 w=8'h99
8: m[3]=8'h99 w=8'h99
9: m[3]=8'h42 w=8'h99
9: w changed to 8'h42
10: m[3]=8'h42 w=8'h42
11: m[3]=8'h42 w=8'h42
12: m[3]=8'h42 w=8'h42
13: m[3]=8'h42 w=8'h42
14: m[3]=8'h42 w=8'h42
15: m[3]=8'h42 w=8'h42
16: m[3]=8'h42 w=8'h42
17: m[3]=8'h42 w=8'h42
18: m[3]=8'h42 w=8'h42
19: m[3]=8'h42 w=8'h42
20: m[3]=8'h42 w=8'h42
