m[0] = 3
m[1] = 4
m[2] = 9
m[3] = 16
m[4] = 25
m[5] = 36
m[6] = 49
m[7] = 64
m[8] = 81
m[9] = x
m[10] = x
m[11] = x
m[12] = 100
m[13] = x
m[14] = x
m[15] = 99
m[16] = z
m[17] = 12
m[18] = x8
m[19] = z12
