#### starting memory bit-range
#### m[0][7:0]=78
#### m[0][15:8]=56
#### r[7:0]=78
#### r[15:8]=56
#### m[0]=12aa5678
#### m[0]=aa
