hello from foo
ck=0
ck=1
ck=0
ck=1
ck=0
ck=1
ck=0
ck=1
ck=0
ck=1
ck=0
ck=1
ck=0
ck=1
ck=0
ck=1
ck=0
ck=1
ck=0
ck=1
ck=0
ck=1
ck=0
ck=1
ck=0
