0 = 0 ^ 0 ^ 0
1 = 0 ^ 1 ^ 0
1 = 1 ^ 0 ^ 0
0 = 1 ^ 1 ^ 0
1 = 0 ^ 0 ^ 1
0 = 0 ^ 1 ^ 1
0 = 1 ^ 0 ^ 1
1 = 1 ^ 1 ^ 1
11 = 3 + 8   l=bz
