 0:  &: 0  |: 0  ^: 0  ~&: 1  ~|: 1  ~^: 1
 4:  &: 0  |: 1  ^: 1  ~&: 1  ~|: 0  ~^: 0
 7:  &: 0  |: 1  ^: 1  ~&: 1  ~|: 0  ~^: 0
ff:  &: 1  |: 1  ^: 0  ~&: 0  ~|: 0  ~^: 1
fz:  &: x  |: 1  ^: x  ~&: x  ~|: 0  ~^: x
8z:  &: 0  |: 1  ^: x  ~&: 1  ~|: 0  ~^: x
0z:  &: 0  |: x  ^: x  ~&: 1  ~|: x  ~^: x
