2: a=1 b=2
3: a=2 b=1
4: a=2 b=1
5: a=2 b=1
6: a=1 b=1
7: a=1 b=2

8: a=1 c=1
9: a=3 c=2
10: a=3 c=2
