1652763623*1287368762*2763876432 = 5880744822841760707820497632
x=18446462594437873665 x=fffeffff00000001
x=4294967296 x=100000000
1652763623 * 1287368762 / 2763876432 = 769830457
625376212786237651312 / 127834612723233768273 = 4
625376212786237651312 % 127834612723233768273 = 114037761893302578220
625376212786237651312 / 728176123827834612723233768273 = 0
625376212786237651312 % 728176123827834612723233768273 = 625376212786237651312
625376212786237651312 >> 2 = 156344053196559412828
625376212786237651312 << 2 = 2501504851144950605248
625376212786237651312 << 33 = 5371940763226455502537782984704
