w1=x  w2=x  p=x  q=x  f1.v=0  f2.v=0
w1=0  w2=0  p=0  q=0  f1.v=0  f2.v=0
w1=1  w2=1  p=0  q=1  f1.v=0  f2.v=0
w1=1  w2=1  p=1  q=0  f1.v=0  f2.v=0
changeing f1.v
w1=1  w2=0  p=1  q=1  f1.v=1  f2.v=0
w1=1  w2=0  p=0  q=0  f1.v=1  f2.v=0
w1=0  w2=1  p=0  q=1  f1.v=1  f2.v=0
