44994396
745292378
254439306
10387488
1043940580
803319250
1235240792
1971986270
910734285
968931565
1619240249
337416194
1816805055
2138790185
1228100076
188749511
907455839
734581784
539825845
606952975
