Starting SUM test
s0=0 
s1=0 
c2=1 
sum: 100 = 10 + 1 + 1

Starting tri-state
z = buf(0)if(0) ++  buf(0)if(0)
z = buf(1)if(0) ++  buf(0)if(0)
0 = buf(0)if(1) ++  buf(0)if(0)
1 = buf(1)if(1) ++  buf(0)if(0)
z = buf(0)if(0) ++  buf(1)if(0)
z = buf(1)if(0) ++  buf(1)if(0)
0 = buf(0)if(1) ++  buf(1)if(0)
1 = buf(1)if(1) ++  buf(1)if(0)
0 = buf(0)if(0) ++  buf(0)if(1)
0 = buf(1)if(0) ++  buf(0)if(1)
0 = buf(0)if(1) ++  buf(0)if(1)
x = buf(1)if(1) ++  buf(0)if(1)
1 = buf(0)if(0) ++  buf(1)if(1)
1 = buf(1)if(0) ++  buf(1)if(1)
x = buf(0)if(1) ++  buf(1)if(1)
1 = buf(1)if(1) ++  buf(1)if(1)
