   0: a=0 b=0 - x=x
  21: a=0 b=0 - x=0
  50: a=0 b=1 - x=0
  62: a=0 b=1 - x=1
 100: a=1 b=0 - x=1
 110: a=1 b=0 - x=0
 112: a=1 b=0 - x=1
 150: a=1 b=1 - x=1
 162: a=1 b=1 - x=0
