   0: a=0 b=0 - x=x y=x
  17: a=0 b=0 - x=x y=0
  21: a=0 b=0 - x=0 y=0
 100: a=0 b=1 - x=0 y=0
 117: a=0 b=1 - x=0 y=1
 200: a=1 b=0 - x=0 y=1
 210: a=1 b=0 - x=1 y=1
 212: a=1 b=0 - x=0 y=1
 300: a=1 b=1 - x=0 y=1
 312: a=1 b=1 - x=1 y=1
 317: a=1 b=1 - x=1 y=0
