c=2  d=2
b=68
a=24
x=ABCDEFGHIJ  x=4142434445464748494a
x[7:0]=J
x[15:8]=I
x[23:16]=H
x[31:24]=G
x[39:32]=F
x[47:40]=E
x[55:48]=D
x[63:56]=C
x[71:64]=B
x[79:72]=A
x=64514031241910090401
y=01040910192431405164
hello i = 8
hello i = 14
hello i = 26
hello i = 50
hello i = 98
done hello
