10  0 z z
20  1 1 1
30  10 1111 15
40  11 x11 X
50  100 0 0
60  101 0x0x X
70  110 x x
80  111 x x
90  0 z z
100  1 1001 9
110  10 1111 15
120  11 1x11 X
