a=1  b=0
a is true.
~b is true.
!b is true.
r='hz   r='oz
